Running Gradle task 'assembleRelease'...                        
flutter : lib/src/presentati
on/screens/quotes_screen.dar
t:29:16: Error: Method not 
found: 'QuotePdfService'.
Au caractère Ligne:1 : 1
+ flutter build apk 
--release > 
build_errors.txt 2>&1
+ ~~~~~~~~~~~~~~~~~~~~~~~~~~
~~~~~~~~~~~~~~~~~~~~~~~~~
    + CategoryInfo          
    : NotSpecified: (lib/s  
  rc/present...otePdfServ   
 ice'.:String) [], Remot    
eException
    + FullyQualifiedErrorId 
    : NativeCommandError
 
  final _pdf = 
QuotePdfService();
               
^^^^^^^^^^^^^^^
lib/src/data/repositories/pr
oduct_repository_impl.dart:3
0:28: Error: Required named 
parameter 'unit' must be 
provided.
      
ProductModel.toInsert(name: 
name, unitPrice: unitPrice, 
vatRate: vatRate),
                           ^
lib/src/data/models/product_
model.dart:25:31: Context: 
Found this candidate, but 
the arguments don't match.
  static Map<String, 
Object?> toInsert({
                            
  ^^^^^^^^
lib/src/presentation/blocs/p
roducts/product_bloc.dart:31
:11: Error: No named 
parameter with the name 
'unit'.
          unit: event.unit,
          ^^^^
lib/src/presentation/screens
/clients_screen.dart:41:45: 
Error: Member not found: 'Fl
utterContacts.openExternalPi
cker'.
      final contact = await 
FlutterContacts.openExternal
Picker();
                            
                
^^^^^^^^^^^^^^^^^^
lib/src/presentation/screens
/company_screen.dart:356:23:
 Error: The method 
'_buildQuickStats' isn't 
defined for the type 
'_CompanyScreenState'.
 - '_CompanyScreenState' is 
from 'package:devis_pro/src/
presentation/screens/company
_screen.dart' ('lib/src/pres
entation/screens/company_scr
een.dart').
Try correcting the name to 
the name of an existing 
method, or defining a 
method named 
'_buildQuickStats'.
                      
_buildQuickStats(),
                      
^^^^^^^^^^^^^^^^
lib/src/presentation/screens
/company_screen.dart:361:23:
 Error: The method 
'_buildSection' isn't 
defined for the type 
'_CompanyScreenState'.
 - '_CompanyScreenState' is 
from 'package:devis_pro/src/
presentation/screens/company
_screen.dart' ('lib/src/pres
entation/screens/company_scr
een.dart').
Try correcting the name to 
the name of an existing 
method, or defining a 
method named 
'_buildSection'.
                      
_buildSection(
                      
^^^^^^^^^^^^^
lib/src/presentation/screens
/company_screen.dart:391:23:
 Error: The method 
'_buildSection' isn't 
defined for the type 
'_CompanyScreenState'.
 - '_CompanyScreenState' is 
from 'package:devis_pro/src/
presentation/screens/company
_screen.dart' ('lib/src/pres
entation/screens/company_scr
een.dart').
Try correcting the name to 
the name of an existing 
method, or defining a 
method named 
'_buildSection'.
                      
_buildSection(
                      
^^^^^^^^^^^^^
lib/src/presentation/screens
/company_screen.dart:421:23:
 Error: The method 
'_buildSignatureSection' 
isn't defined for the type 
'_CompanyScreenState'.
 - '_CompanyScreenState' is 
from 'package:devis_pro/src/
presentation/screens/company
_screen.dart' ('lib/src/pres
entation/screens/company_scr
een.dart').
Try correcting the name to 
the name of an existing 
method, or defining a 
method named 
'_buildSignatureSection'.
                      _build
SignatureSection(company),
                      
^^^^^^^^^^^^^^^^^^^^^^
lib/src/presentation/screens
/company_screen.dart:426:23:
 Error: The method 
'_buildSaveButton' isn't 
defined for the type 
'_CompanyScreenState'.
 - '_CompanyScreenState' is 
from 'package:devis_pro/src/
presentation/screens/company
_screen.dart' ('lib/src/pres
entation/screens/company_scr
een.dart').
Try correcting the name to 
the name of an existing 
method, or defining a 
method named 
'_buildSaveButton'.
                      
_buildSaveButton(company),
                      
^^^^^^^^^^^^^^^^
lib/src/presentation/screens
/company_screen.dart:559:63:
 Error: The method 
'_buildLogoPlaceholder' 
isn't defined for the type 
'_CompanyScreenState'.
 - '_CompanyScreenState' is 
from 'package:devis_pro/src/
presentation/screens/company
_screen.dart' ('lib/src/pres
entation/screens/company_scr
een.dart').
Try correcting the name to 
the name of an existing 
method, or defining a 
method named 
'_buildLogoPlaceholder'.
                            
    errorBuilder: (_, __, 
___) => 
_buildLogoPlaceholder(),
                            
                            
      ^^^^^^^^^^^^^^^^^^^^^
lib/src/presentation/screens
/company_screen.dart:561:31:
 Error: The method 
'_buildLogoPlaceholder' 
isn't defined for the type 
'_CompanyScreenState'.
 - '_CompanyScreenState' is 
from 'package:devis_pro/src/
presentation/screens/company
_screen.dart' ('lib/src/pres
entation/screens/company_scr
een.dart').
Try correcting the name to 
the name of an existing 
method, or defining a 
method named 
'_buildLogoPlaceholder'.
                            
: _buildLogoPlaceholder(),
                            
  ^^^^^^^^^^^^^^^^^^^^^
Target 
kernel_snapshot_program 
failed: Exception


FAILURE: Build failed with 
an exception.

* What went wrong:
Execution failed for task ':
app:compileFlutterBuildRelea
se'.
> Process 'command 'C:\src\f
lutter\bin\flutter.bat'' 
finished with non-zero exit 
value 1

* Try:
> Run with --stacktrace 
option to get the stack 
trace.
> Run with --info or 
--debug option to get more 
log output.
> Run with --scan to get 
full insights.
> Get more help at 
https://help.gradle.org.

BUILD FAILED in 25s
Running Gradle task 'assembleRelease'...                           26,2s
Gradle task assembleRelease 
failed with exit code 1
